// Jest Snapshot v1, https://goo.gl/fbAQLP

exports[`Testing Splash component renders without crashing 1`] = `
ShallowWrapper {
  "length": 1,
  Symbol(enzyme.__root__): [Circular],
  Symbol(enzyme.__unrendered__): <Splash />,
  Symbol(enzyme.__renderer__): Object {
    "batchedUpdates": [Function],
    "getNode": [Function],
    "render": [Function],
    "simulateEvent": [Function],
    "unmount": [Function],
  },
  Symbol(enzyme.__node__): Object {
    "instance": null,
    "key": undefined,
    "nodeType": "class",
    "props": Object {
      "children": <Image
        onLoad={[Function]}
        resizeMode="cover"
        source={
          Object {
            "process": [Function],
          }
        }
        style={
          Object {
            "height": 1334,
            "width": 750,
          }
        }
      />,
      "style": Object {
        "flex": 1,
      },
    },
    "ref": null,
    "rendered": Object {
      "instance": null,
      "key": undefined,
      "nodeType": "class",
      "props": Object {
        "onLoad": [Function],
        "resizeMode": "cover",
        "source": Object {
          "process": [Function],
        },
        "style": Object {
          "height": 1334,
          "width": 750,
        },
      },
      "ref": null,
      "rendered": null,
      "type": [Function],
    },
    "type": [Function],
  },
  Symbol(enzyme.__nodes__): Array [
    Object {
      "instance": null,
      "key": undefined,
      "nodeType": "class",
      "props": Object {
        "children": <Image
          onLoad={[Function]}
          resizeMode="cover"
          source={
            Object {
              "process": [Function],
            }
          }
          style={
            Object {
              "height": 1334,
              "width": 750,
            }
          }
        />,
        "style": Object {
          "flex": 1,
        },
      },
      "ref": null,
      "rendered": Object {
        "instance": null,
        "key": undefined,
        "nodeType": "class",
        "props": Object {
          "onLoad": [Function],
          "resizeMode": "cover",
          "source": Object {
            "process": [Function],
          },
          "style": Object {
            "height": 1334,
            "width": 750,
          },
        },
        "ref": null,
        "rendered": null,
        "type": [Function],
      },
      "type": [Function],
    },
  ],
  Symbol(enzyme.__options__): Object {
    "adapter": ReactSixteenAdapter {
      "options": Object {
        "enableComponentDidUpdateOnSetState": true,
      },
    },
  },
}
`;
